// Jest Snapshot v1, https://goo.gl/fbAQLP

exports[`BottomNav BottomNav component renders correctly 1`] = `
<View>
  <View
    style={
      Object {
        "backgroundColor": "white",
        "borderColor": "#E6ECED",
        "borderTopWidth": 1,
        "height": "100%",
        "width": "100%",
      }
    }
  >
    <View
      style={
        Object {
          "flex": 375,
          "flexDirection": "row",
        }
      }
    >
      <View
        style={
          Object {
            "flex": 25,
          }
        }
      />
      <View
        style={
          Object {
            "flex": 325,
            "flexDirection": "row",
          }
        }
      >
        <TouchableWithoutFeedback
          onPress={[Function]}
        >
          <View
            style={
              Object {
                "alignItems": "center",
                "flex": 1,
                "justifyContent": "center",
              }
            }
          >
            <Image
              source={
                Object {
                  "default": "",
                }
              }
              style={
                Object {
                  "height": 52,
                  "width": 64,
                }
              }
            />
          </View>
        </TouchableWithoutFeedback>
        <TouchableWithoutFeedback
          onPress={[Function]}
        >
          <View
            style={
              Object {
                "alignItems": "center",
                "flex": 1,
                "justifyContent": "center",
              }
            }
          >
            <Image
              source={
                Object {
                  "default": "",
                }
              }
              style={
                Object {
                  "height": 44,
                  "width": 52,
                }
              }
            />
          </View>
        </TouchableWithoutFeedback>
        <TouchableWithoutFeedback
          onPress={[Function]}
        >
          <View
            style={
              Object {
                "alignItems": "center",
                "flex": 1,
                "justifyContent": "center",
              }
            }
          >
            <Image
              source={
                Object {
                  "default": "",
                }
              }
              style={
                Object {
                  "height": 48,
                  "width": 66,
                }
              }
            />
          </View>
        </TouchableWithoutFeedback>
        <TouchableWithoutFeedback
          onPress={[Function]}
        >
          <View
            style={
              Object {
                "alignItems": "center",
                "flex": 1,
                "justifyContent": "center",
              }
            }
          >
            <Image
              source={
                Object {
                  "default": "",
                }
              }
              style={
                Object {
                  "height": 48,
                  "width": 53.99999999999999,
                }
              }
            />
          </View>
        </TouchableWithoutFeedback>
        <TouchableWithoutFeedback
          onPress={[Function]}
        >
          <View
            style={
              Object {
                "alignItems": "center",
                "flex": 1,
                "justifyContent": "center",
              }
            }
          >
            <Image
              source={
                Object {
                  "default": "",
                }
              }
              style={
                Object {
                  "height": 52,
                  "width": 50,
                }
              }
            />
          </View>
        </TouchableWithoutFeedback>
      </View>
      <View
        style={
          Object {
            "flex": 25,
          }
        }
      />
    </View>
  </View>
</View>
`;
