// Jest Snapshot v1, https://goo.gl/fbAQLP

exports[`ListOfFriends should match to snapshot 1`] = `
<View
  style={
    Object {
      "alignItems": "center",
      "backgroundColor": "#FFFFFF",
      "borderColor": "#DCDCE9",
      "borderRadius": 11.5,
      "borderWidth": 1,
      "height": 264.5,
      "width": 172.5,
    }
  }
>
  <View
    style={
      Object {
        "aspectRatio": 1,
        "height": 98.57142857142857,
        "marginBottom": 13.142857142857142,
        "marginTop": 16.428571428571427,
      }
    }
  >
    <Image
      source={
        Object {
          "default": "",
        }
      }
      style={
        Object {
          "aspectRatio": 1,
          "borderRadius": 60,
          "height": 98.57142857142857,
        }
      }
    />
  </View>
  <View
    style={
      Object {
        "height": 50.92857142857142,
        "marginBottom": 14.785714285714285,
        "width": "62.28%",
      }
    }
  >
    <Text
      style={
        Object {
          "color": "#1F1F60",
          "fontFamily": "BananaGrotesk-Light",
          "fontSize": 23,
          "textAlign": "center",
        }
      }
    >
      Name
    </Text>
  </View>
  <ForwardRef
    activeOpacity={1}
    onPress={[Function]}
    style={
      Array [
        Object {
          "alignItems": "center",
          "borderRadius": 16,
          "borderWidth": 1,
          "height": 49.285714285714285,
          "justifyContent": "center",
          "marginBottom": 21.357142857142858,
          "maxWidth": "95%",
          "minWidth": "71%",
          "paddingLeft": 8.214285714285714,
          "paddingRight": 8.214285714285714,
        },
        Object {
          "borderColor": "#7B46E4",
        },
      ]
    }
  >
    <Text
      style={
        Array [
          Object {
            "color": "#7B46E4",
            "fontFamily": "BananaGrotesk-Bold",
            "fontSize": 23,
            "letterSpacing": -0.08,
          },
          Object {
            "color": "#7B46E4",
          },
        ]
      }
    >
      Add
    </Text>
  </ForwardRef>
</View>
`;
