// Jest Snapshot v1, https://goo.gl/fbAQLP

exports[`Bubbles2 Icon component renders correctly 1`] = `
<View
  style={
    Object {
      "backgroundColor": "transparent",
      "flexDirection": "row",
      "height": 38,
      "opacity": 1,
      "width": 88,
    }
  }
>
  <View
    accessible={true}
    focusable={false}
    onClick={[Function]}
    onResponderGrant={[Function]}
    onResponderMove={[Function]}
    onResponderRelease={[Function]}
    onResponderTerminate={[Function]}
    onResponderTerminationRequest={[Function]}
    onStartShouldSetResponder={[Function]}
    style={
      Object {
        "opacity": 1,
      }
    }
  >
    <View
      style={
        Object {
          "alignItems": "center",
          "borderColor": "#7B46E466",
          "borderRadius": 19,
          "borderWidth": 1,
          "height": 38,
          "justifyContent": "center",
          "width": 38,
        }
      }
    >
      <SvgMock />
    </View>
  </View>
  <View
    accessible={true}
    focusable={false}
    onClick={[Function]}
    onResponderGrant={[Function]}
    onResponderMove={[Function]}
    onResponderRelease={[Function]}
    onResponderTerminate={[Function]}
    onResponderTerminationRequest={[Function]}
    onStartShouldSetResponder={[Function]}
    style={
      Object {
        "marginLeft": 10,
        "opacity": 1,
      }
    }
  >
    <View
      style={
        Object {
          "alignItems": "center",
          "borderColor": "#7B46E466",
          "borderRadius": 19,
          "borderWidth": 1,
          "height": 38,
          "justifyContent": "center",
          "width": 38,
        }
      }
    >
      <SvgMock />
    </View>
  </View>
</View>
`;
