// Jest Snapshot v1, https://goo.gl/fbAQLP

exports[`DropDown1 Rendering should match to snapshot 1`] = `
<View
  style={
    Array [
      Object {
        "alignItems": "center",
        "width": "100%",
        "zIndex": 1,
      },
      Object {
        "height": 49.285714285714285,
      },
    ]
  }
>
  <View
    style={
      Object {
        "alignItems": "center",
        "borderBottomWidth": 1,
        "borderColor": "#DCDCE9",
        "flexDirection": "row",
        "height": "100%",
        "justifyContent": "space-between",
        "width": "100%",
      }
    }
  >
    <ForwardRef
      activeOpacity={1}
      onPress={[Function]}
      style={
        Object {
          "flex": 1,
        }
      }
    >
      <Text
        style={
          Object {
            "color": "#8F8FAF",
            "fontFamily": "BananaGrotesk-Medium",
            "fontSize": 30,
            "letterSpacing": 0.08,
          }
        }
      >
        Gender
      </Text>
    </ForwardRef>
    <ForwardRef
      activeOpacity={1}
      onPress={[Function]}
      style={
        Object {
          "alignItems": "flex-end",
          "height": "100%",
          "justifyContent": "center",
          "width": 49.285714285714285,
        }
      }
    >
      <SvgMock />
    </ForwardRef>
  </View>
</View>
`;
