// Jest Snapshot v1, https://goo.gl/fbAQLP

exports[`TextInputComponent TextInputComponent  renders correctly 1`] = `
<Component
  allowFontScaling={true}
  autoCorrect={false}
  keyboardType="default"
  onChangeText={[Function]}
  placeholder="Full name"
  placeholderTextColor="#8F8FAF"
  rejectResponderTermination={true}
  selectionColor="#7B46E4"
  spellCheck={false}
  style={
    Array [
      Object {
        "borderBottomWidth": 1,
        "color": "#1F1F60",
        "fontFamily": "BananaGrotesk-Medium",
        "fontSize": 30,
        "height": 49.285714285714285,
        "letterSpacing": -0.12,
        "paddingLeft": 0,
        "paddingVertical": 0,
        "textAlign": "left",
        "width": "100%",
      },
      Object {
        "borderBottomColor": "#8F8FAF",
      },
    ]
  }
  underlineColorAndroid="transparent"
  value=""
/>
`;
